\BOOKMARK [0][-]{part.1}{\376\377\000I\000\040\000P\000h\000a\000s\000e\000\040\0001\000:\000\040\000P\000r\000o\000b\000l\000e\000m\000,\000\040\000A\000r\000c\000h\000i\000t\000e\000c\000t\000u\000r\000e\000\040\000a\000n\000d\000\040\000P\000l\000a\000n\000n\000i\000n\000g}{}% 1
\BOOKMARK [1][-]{section.1}{\376\377\000P\000r\000o\000b\000l\000e\000m\000\040\000S\000t\000a\000t\000e\000m\000e\000n\000t}{part.1}% 2
\BOOKMARK [2][-]{subsection.1.1}{\376\377\000S\000y\000s\000t\000e\000m\000\040\000I\000d\000e\000n\000t\000i\000f\000i\000c\000a\000t\000i\000o\000n}{section.1}% 3
\BOOKMARK [2][-]{subsection.1.2}{\376\377\000S\000t\000a\000t\000e\000m\000e\000n\000t}{section.1}% 4
\BOOKMARK [2][-]{subsection.1.3}{\376\377\000B\000a\000c\000k\000g\000r\000o\000u\000n\000d}{section.1}% 5
\BOOKMARK [2][-]{subsection.1.4}{\376\377\000W\000h\000y\000\040\000E\000x\000i\000s\000t\000i\000n\000g\000\040\000T\000o\000o\000l\000s\000\040\000D\000o\000\040\000N\000o\000t\000\040\000S\000o\000l\000v\000e\000\040\000I\000t}{section.1}% 6
\BOOKMARK [2][-]{subsection.1.5}{\376\377\000O\000b\000j\000e\000c\000t\000i\000v\000e\000s}{section.1}% 7
\BOOKMARK [2][-]{subsection.1.6}{\376\377\000R\000e\000q\000u\000i\000r\000e\000m\000e\000n\000t\000s}{section.1}% 8
\BOOKMARK [1][-]{section.2}{\376\377\000C\000r\000e\000a\000t\000i\000v\000e\000\040\000E\000n\000h\000a\000n\000c\000e\000m\000e\000n\000t}{part.1}% 9
\BOOKMARK [1][-]{section.3}{\376\377\000H\000i\000g\000h\000-\000L\000e\000v\000e\000l\000\040\000A\000r\000c\000h\000i\000t\000e\000c\000t\000u\000r\000e}{part.1}% 10
\BOOKMARK [2][-]{subsection.3.1}{\376\377\000T\000i\000e\000r\000\040\000S\000t\000r\000u\000c\000t\000u\000r\000e}{section.3}% 11
\BOOKMARK [2][-]{subsection.3.2}{\376\377\000T\000h\000e\000\040\000P\000r\000o\000c\000e\000s\000s\000i\000n\000g\000\040\000P\000i\000p\000e\000l\000i\000n\000e}{section.3}% 12
\BOOKMARK [2][-]{subsection.3.3}{\376\377\000I\000n\000g\000e\000s\000t\000i\000o\000n\000\040\000L\000i\000f\000e\000c\000y\000c\000l\000e}{section.3}% 13
\BOOKMARK [2][-]{subsection.3.4}{\376\377\000T\000e\000c\000h\000n\000o\000l\000o\000g\000y\000\040\000S\000t\000a\000c\000k}{section.3}% 14
\BOOKMARK [1][-]{section.4}{\376\377\000U\000I\000\040\000a\000n\000d\000\040\000A\000c\000c\000e\000p\000t\000a\000n\000c\000e\000\040\000P\000l\000a\000n\000n\000i\000n\000g}{part.1}% 15
\BOOKMARK [2][-]{subsection.4.1}{\376\377\000I\000n\000t\000e\000r\000f\000a\000c\000e\000\040\000P\000l\000a\000n}{section.4}% 16
\BOOKMARK [2][-]{subsection.4.2}{\376\377\000A\000c\000c\000e\000p\000t\000a\000n\000c\000e\000\040\000P\000l\000a\000n\000n\000i\000n\000g}{section.4}% 17
\BOOKMARK [1][-]{section.5}{\376\377\000E\000x\000e\000c\000u\000t\000i\000o\000n\000\040\000P\000l\000a\000n}{part.1}% 18
\BOOKMARK [0][-]{part.2}{\376\377\000I\000I\000\040\000P\000h\000a\000s\000e\000\040\0002\000:\000\040\000D\000e\000t\000a\000i\000l\000e\000d\000\040\000D\000e\000s\000i\000g\000n\000,\000\040\000I\000n\000t\000e\000r\000f\000a\000c\000e\000,\000\040\000D\000e\000p\000e\000n\000d\000e\000n\000c\000i\000e\000s\000\040\000a\000n\000d\000\040\000T\000e\000s\000t\000\040\000P\000l\000a\000n}{}% 19
\BOOKMARK [1][-]{section.6}{\376\377\000D\000e\000t\000a\000i\000l\000e\000d\000\040\000D\000e\000s\000i\000g\000n}{part.2}% 20
\BOOKMARK [2][-]{subsection.6.1}{\376\377\000D\000e\000s\000i\000g\000n\000\040\000F\000l\000o\000w}{section.6}% 21
\BOOKMARK [2][-]{subsection.6.2}{\376\377\000D\000a\000t\000a\000b\000a\000s\000e\000\040\000D\000e\000s\000i\000g\000n}{section.6}% 22
\BOOKMARK [2][-]{subsection.6.3}{\376\377\000N\000o\000r\000m\000a\000l\000i\000s\000a\000t\000i\000o\000n}{section.6}% 23
\BOOKMARK [2][-]{subsection.6.4}{\376\377\000S\000c\000h\000e\000m\000a}{section.6}% 24
\BOOKMARK [2][-]{subsection.6.5}{\376\377\000M\000o\000d\000u\000l\000a\000r\000i\000t\000y}{section.6}% 25
\BOOKMARK [2][-]{subsection.6.6}{\376\377\000S\000c\000a\000l\000a\000b\000i\000l\000i\000t\000y}{section.6}% 26
\BOOKMARK [2][-]{subsection.6.7}{\376\377\000S\000e\000c\000u\000r\000i\000t\000y}{section.6}% 27
\BOOKMARK [1][-]{section.7}{\376\377\000D\000e\000t\000a\000i\000l\000e\000d\000\040\000U\000s\000e\000r\000\040\000I\000n\000t\000e\000r\000f\000a\000c\000e}{part.2}% 28
\BOOKMARK [1][-]{section.8}{\376\377\000T\000h\000i\000r\000d\000-\000P\000a\000r\000t\000y\000\040\000L\000i\000b\000r\000a\000r\000i\000e\000s\000\040\000a\000n\000d\000\040\000T\000o\000o\000l\000s}{part.2}% 29
\BOOKMARK [2][-]{subsection.8.1}{\376\377\000E\000x\000t\000e\000n\000t\000\040\000o\000f\000\040\000t\000h\000e\000\040\000D\000e\000p\000e\000n\000d\000e\000n\000c\000y}{section.8}% 30
\BOOKMARK [2][-]{subsection.8.2}{\376\377\000P\000r\000i\000n\000c\000i\000p\000a\000l\000\040\000D\000e\000p\000e\000n\000d\000e\000n\000c\000i\000e\000s}{section.8}% 31
\BOOKMARK [2][-]{subsection.8.3}{\376\377\000P\000a\000i\000d\000\040\000a\000n\000d\000\040\000M\000e\000t\000e\000r\000e\000d\000\040\000S\000e\000r\000v\000i\000c\000e\000s}{section.8}% 32
\BOOKMARK [1][-]{section.9}{\376\377\000A\000c\000c\000e\000p\000t\000a\000n\000c\000e\000\040\000T\000e\000s\000t\000\040\000P\000l\000a\000n\000\040\000a\000n\000d\000\040\000T\000e\000s\000t\000\040\000C\000a\000s\000e\000s}{part.2}% 33
\BOOKMARK [2][-]{subsection.9.1}{\376\377\000P\000l\000a\000n}{section.9}% 34
\BOOKMARK [2][-]{subsection.9.2}{\376\377\000T\000e\000s\000t\000\040\000C\000a\000s\000e\000s}{section.9}% 35
\BOOKMARK [2][-]{subsection.9.3}{\376\377\000T\000e\000s\000t\000\040\000A\000u\000t\000o\000m\000a\000t\000i\000o\000n}{section.9}% 36
\BOOKMARK [1][-]{section.10}{\376\377\000D\000o\000c\000u\000m\000e\000n\000t\000a\000t\000i\000o\000n\000\040\000o\000f\000\040\000P\000r\000o\000c\000e\000s\000s\000,\000\040\000D\000e\000s\000i\000g\000n\000,\000\040\000A\000T\000P\000\040\000a\000n\000d\000\040\000A\000T\000C\000s}{part.2}% 37
\BOOKMARK [0][-]{part.3}{\376\377\000I\000I\000I\000\040\000P\000h\000a\000s\000e\000\040\0003\000:\000\040\000I\000m\000p\000l\000e\000m\000e\000n\000t\000a\000t\000i\000o\000n}{}% 38
\BOOKMARK [1][-]{section.11}{\376\377\000C\000o\000d\000i\000n\000g\000\040\000S\000t\000a\000n\000d\000a\000r\000d\000s}{part.3}% 39
\BOOKMARK [1][-]{section.12}{\376\377\000U\000s\000e\000r\000\040\000I\000m\000p\000l\000e\000m\000e\000n\000t\000a\000t\000i\000o\000n}{part.3}% 40
\BOOKMARK [1][-]{section.13}{\376\377\000S\000c\000a\000l\000a\000b\000l\000e\000\040\000a\000n\000d\000\040\000S\000u\000s\000t\000a\000i\000n\000a\000b\000l\000e\000\040\000D\000e\000s\000i\000g\000n}{part.3}% 41
\BOOKMARK [1][-]{section.14}{\376\377\000D\000a\000t\000a\000s\000e\000t\000\040\000C\000r\000e\000a\000t\000i\000o\000n}{part.3}% 42
\BOOKMARK [0][-]{part.4}{\376\377\000I\000V\000\040\000P\000h\000a\000s\000e\000\040\0004\000:\000\040\000P\000r\000o\000d\000u\000c\000t\000,\000\040\000P\000e\000r\000f\000o\000r\000m\000a\000n\000c\000e\000\040\000a\000n\000d\000\040\000D\000e\000l\000i\000v\000e\000r\000y}{}% 43
\BOOKMARK [1][-]{section.15}{\376\377\000P\000r\000o\000d\000u\000c\000t\000\040\000D\000e\000m\000o\000:\000\040\000C\000o\000m\000p\000l\000e\000t\000e\000n\000e\000s\000s}{part.4}% 44
\BOOKMARK [1][-]{section.16}{\376\377\000P\000r\000o\000d\000u\000c\000t\000\040\000D\000e\000m\000o\000:\000\040\000C\000o\000r\000r\000e\000c\000t\000n\000e\000s\000s}{part.4}% 45
\BOOKMARK [1][-]{section.17}{\376\377\000P\000r\000o\000d\000u\000c\000t\000\040\000P\000e\000r\000f\000o\000r\000m\000a\000n\000c\000e}{part.4}% 46
\BOOKMARK [2][-]{subsection.17.1}{\376\377\000P\000r\000e\000c\000i\000s\000i\000o\000n}{section.17}% 47
\BOOKMARK [2][-]{subsection.17.2}{\376\377\000L\000a\000t\000e\000n\000c\000y}{section.17}% 48
\BOOKMARK [2][-]{subsection.17.3}{\376\377\000M\000e\000m\000o\000r\000y\000\040\000a\000n\000d\000\040\000P\000r\000o\000c\000e\000s\000s\000o\000r\000\040\000U\000s\000a\000g\000e}{section.17}% 49
\BOOKMARK [2][-]{subsection.17.4}{\376\377\000S\000c\000a\000l\000e\000\040\000L\000i\000m\000i\000t\000s}{section.17}% 50
\BOOKMARK [1][-]{section.18}{\376\377\000U\000I\000\040\000I\000m\000p\000l\000e\000m\000e\000n\000t\000a\000t\000i\000o\000n}{part.4}% 51
\BOOKMARK [1][-]{section.19}{\376\377\000D\000o\000c\000u\000m\000e\000n\000t\000a\000t\000i\000o\000n}{part.4}% 52
